// Jest Snapshot v1, https://goo.gl/fbAQLP

exports[`should render Calculator.js 1`] = `null`;
