// Jest Snapshot v1, https://goo.gl/fbAQLP

exports[`should render Quote.js 1`] = `null`;
