// Jest Snapshot v1, https://goo.gl/fbAQLP

exports[`should render Header.js 1`] = `
<header
  className="site-header"
>
  <h1
    className="site-title"
  >
    Math Magicians
  </h1>
  <nav
    className="main-navigation"
  >
    <ul
      className="menu"
    >
      <li>
        <a
          aria-current="page"
          className="menu-item active"
          exact={true}
          href="/"
          onClick={[Function]}
        >
          Home
        </a>
      </li>
       | 
      <li>
        <a
          className="menu-item"
          href="/calculator"
          onClick={[Function]}
        >
          Calculator
        </a>
      </li>
       | 
      <li>
        <a
          className="menu-item"
          href="/quote"
          onClick={[Function]}
        >
          Quote
        </a>
      </li>
    </ul>
  </nav>
</header>
`;
